// Jest Snapshot v1, https://goo.gl/fbAQLP

exports[`should handle Header correctly 1`] = `
<header>
  <h1>
    Expensify
  </h1>
  <NavLink
    className={[Function]}
    to="/"
  >
    Dashboard
  </NavLink>
  <NavLink
    className={[Function]}
    to="/create"
  >
    Create Expense
  </NavLink>
  <NavLink
    className={[Function]}
    to="/edit"
  >
    Edit Expense
  </NavLink>
  <NavLink
    className={[Function]}
    to="/help"
  >
    Help
  </NavLink>
  <NavLink
    className={[Function]}
    to="/countState"
  >
     **CountState
  </NavLink>
  <NavLink
    className={[Function]}
    to="/anotherPage"
  >
     **AnotherPage
  </NavLink>
</header>
`;
