// Jest Snapshot v1, https://goo.gl/fbAQLP

exports[`should handle NotFoundPage correctly 1`] = `
<div>
  This is your 404! 
  <Link
    to="/"
  >
    Go home 
  </Link>
</div>
`;
